dudect Ascon-Mask — wc_AsconAEAD128_Mask (Ascon-P12, RNDIMSK_)
host: x86_64 MSYS2 ucrt64 gcc 14.2.0 -O2 rdtsc lfence pre-generated inputs

=== A) fixed-ct vs random-ct  (attacker-influenced ct, same key) (N=80000) ===
 rnd |     t(p100)    t(p99)    t(p90)  | verdict
-----+--------------------------------+--------
  0  |      -2.01    -0.26     0.39 | ok
  1  |      -0.19     0.69     0.49 | ok
  2  |       0.98    -1.02    -1.09 | ok
  3  |      -0.19     1.07     0.25 | ok
  4  |       0.19     0.19     0.53 | ok
  5  |      -0.51     0.41     0.37 | ok
  6  |      -0.50    -0.92    -0.18 | ok
  7  |       1.14    -0.39    -0.20 | ok
=> No distinguisher: |t|<4.5 at all crops — constant-time (first-order).

=== B) fixed-key vs random-key (secret key, same ct) (N=80000) ===
 rnd |     t(p100)    t(p99)    t(p90)  | verdict
-----+--------------------------------+--------
  0  |      -0.91     1.09    -0.43 | ok
  1  |       1.56     0.15    -0.64 | ok
  2  |      -1.14     1.30     1.66 | ok
  3  |      -0.37    -0.12     0.37 | ok
  4  |       1.13     0.56     0.21 | ok
  5  |      -1.51    -0.73    -0.47 | ok
  6  |       0.10    -0.47    -1.47 | ok
  7  |      -0.59     0.47     0.14 | ok
=> No distinguisher: |t|<4.5 at all crops — constant-time (first-order).

=== C) control random-vs-random (sanity) (N=80000) ===
 rnd |     t(p100)    t(p99)    t(p90)  | verdict
-----+--------------------------------+--------
  0  |      -1.06    -0.49    -1.09 | ok
  1  |      -1.01     0.16    -0.23 | ok
  2  |      -1.22     1.31     0.89 | ok
  3  |       0.40     0.45    -1.27 | ok
  4  |      -0.73    -0.55    -0.62 | ok
=> No distinguisher: |t|<4.5 at all crops — constant-time (first-order).

Summary: A=ok  B=ok  C=ok
OVERALL: PASS — mask path constant-time on this host.
