dudect Ascon-Mask — wc_AsconAEAD128_Mask (Ascon-P12, RNDIMSK_)
host: x86_64 MSYS2 ucrt64 gcc 14.2.0 -O2 rdtsc lfence pre-generated inputs

=== A) fixed-ct vs random-ct  (attacker-influenced ct, same key) (N=80000) ===
 rnd |     t(p100)    t(p99)    t(p90)  | verdict
-----+--------------------------------+--------
  0  |      -0.98    -0.20    -0.49 | ok
  1  |      -1.05     0.48     0.03 | ok
  2  |       0.56    -0.07    -1.67 | ok
  3  |       1.86     0.07     0.37 | ok
  4  |       0.81    -0.42    -0.46 | ok
  5  |       0.68    -0.63     0.50 | ok
  6  |      -1.50     0.95     0.34 | ok
  7  |      -0.79    -0.12     0.45 | ok
=> No distinguisher: |t|<4.5 at all crops — constant-time (first-order).

=== B) fixed-key vs random-key (secret key, same ct) (N=80000) ===
 rnd |     t(p100)    t(p99)    t(p90)  | verdict
-----+--------------------------------+--------
  0  |       1.28    -1.76    -1.17 | ok
  1  |      -1.27    -2.54    -1.86 | ok
  2  |       0.56     2.55     1.14 | ok
  3  |      -0.84     0.02     0.07 | ok
  4  |      -1.45    -2.07    -0.74 | ok
  5  |       0.59     0.65     1.09 | ok
  6  |       1.31    -0.47    -0.31 | ok
  7  |      -1.47    -0.67    -0.44 | ok
=> No distinguisher: |t|<4.5 at all crops — constant-time (first-order).

=== C) control random-vs-random (sanity) (N=80000) ===
 rnd |     t(p100)    t(p99)    t(p90)  | verdict
-----+--------------------------------+--------
  0  |      -0.08    -1.46    -2.00 | ok
  1  |       0.26    -1.19    -1.25 | ok
  2  |       0.72    -0.59    -1.03 | ok
  3  |       0.28    -0.35     0.64 | ok
  4  |       0.71    -0.60     1.17 | ok
=> No distinguisher: |t|<4.5 at all crops — constant-time (first-order).

Summary: A=ok  B=ok  C=ok
OVERALL: PASS — mask path constant-time on this host.
